components/Home.tsx(569,11): error TS17008: JSX element 'section' has no corresponding closing tag.
components/Home.tsx(835,12): error TS17002: Expected corresponding JSX closing tag for 'PublicLayout'.
components/Home.tsx(837,10): error TS1005: ')' expected.
components/Home.tsx(932,7): error TS1128: Declaration or statement expected.
components/Home.tsx(933,5): error TS1109: Expression expected.
components/Home.tsx(934,3): error TS1109: Expression expected.
components/Home.tsx(935,1): error TS1128: Declaration or statement expected.
